*********************************************************************
* LD Score Regression (LDSC)
* Version 3.0.1
* (C) 2014-2019 Brendan Bulik-Sullivan and Hilary Finucane
* Broad Institute of MIT and Harvard / MIT Department of Mathematics
* GNU General Public License v3
*********************************************************************
Call: 
./ldsc.py \
--out /Users/zainebahmed/Documents/GWAMA_v2/asthma_meta/results/ldsc/rg/allergic_rhinitis \
--rg /Users/zainebahmed/Documents/GWAMA_v2/asthma_meta/data/ldsc/prepared/munged/asthma.sumstats.gz,/Users/zainebahmed/Documents/GWAMA_v2/asthma_meta/data/ldsc/prepared/munged/allergic_rhinitis.sumstats.gz \
--ref-ld-chr /Users/zainebahmed/Documents/GWAMA_v2/asthma_meta/data/ldsc/reference/1000G_Phase3_ldscores/LDscore. \
--w-ld-chr /Users/zainebahmed/Documents/GWAMA_v2/asthma_meta/data/ldsc/reference/1000G_Phase3_weights_hm3_no_MHC/weights.hm3_noMHC. 

Beginning analysis at Mon Aug 24 06:10:29 2026
Reading summary statistics from /Users/zainebahmed/Documents/GWAMA_v2/asthma_meta/data/ldsc/prepared/munged/asthma.sumstats.gz ...
RuntimeWarning: compression has no effect when passing a non-binary object as input for file /Users/zainebahmed/Documents/GWAMA_v2/asthma_meta/data/ldsc/prepared/munged/asthma.sumstats.gz
Read summary statistics for 1165303 SNPs.
Reading reference panel LD Score from /Users/zainebahmed/Documents/GWAMA_v2/asthma_meta/data/ldsc/reference/1000G_Phase3_ldscores/LDscore.[1-22] ... (ldscore_fromlist)
Read reference panel LD Scores for 1190321 SNPs.
Removing partitioned LD Scores with zero variance.
Reading regression weight LD Score from /Users/zainebahmed/Documents/GWAMA_v2/asthma_meta/data/ldsc/reference/1000G_Phase3_weights_hm3_no_MHC/weights.hm3_noMHC.[1-22] ... (ldscore_fromlist)
Read regression weight LD Scores for 1187349 SNPs.
After merging with reference panel LD, 1165303 SNPs remain.
After merging with regression SNP LD, 1165303 SNPs remain.
Computing rg for phenotype 2/2
Reading summary statistics from /Users/zainebahmed/Documents/GWAMA_v2/asthma_meta/data/ldsc/prepared/munged/allergic_rhinitis.sumstats.gz ...
RuntimeWarning: compression has no effect when passing a non-binary object as input for file /Users/zainebahmed/Documents/GWAMA_v2/asthma_meta/data/ldsc/prepared/munged/allergic_rhinitis.sumstats.gz
Read summary statistics for 1150246 SNPs.
After merging with summary statistics, 1140722 SNPs remain.
1140722 SNPs with valid alleles.

Heritability of phenotype 1
---------------------------
Total Observed scale h2: 0.0444 (0.0049)
Lambda GC: 1.2798
Mean Chi^2: 1.4543
Intercept: 1.0989 (0.0156)
Ratio: 0.2177 (0.0344)

Heritability of phenotype 2/2
-----------------------------
Total Observed scale h2: 0.0104 (0.0015)
Lambda GC: 1.1715
Mean Chi^2: 1.2091
Intercept: 1.0837 (0.0098)
Ratio: 0.4005 (0.047)

Genetic Covariance
------------------
Total Observed scale gencov: 0.0153 (0.0017)
Mean z1*z2: 0.1817
Intercept: 0.0307 (0.0072)

Genetic Correlation
-------------------
Genetic Correlation: 0.7114 (0.0547)
Z-score: 12.9952
P: 1.3027e-38


Summary of Genetic Correlation Results
                                                                                            p1                                                                                                        p2     rg     se       z      p  h2_obs  h2_obs_se  h2_int  h2_int_se  gcov_int  gcov_int_se
/Users/zainebahmed/Documents/GWAMA_v2/asthma_meta/data/ldsc/prepared/munged/asthma.sumstats.gz /Users/zainebahmed/Documents/GWAMA_v2/asthma_meta/data/ldsc/prepared/munged/allergic_rhinitis.sumstats.gz 0.7114 0.0547 12.9952 0.0000  0.0104     0.0015  1.0837     0.0098    0.0307       0.0072

Analysis finished at Mon Aug 24 06:10:34 2026
Total time elapsed: 4.84s
