*********************************************************************
* LD Score Regression (LDSC)
* Version 3.0.1
* (C) 2014-2019 Brendan Bulik-Sullivan and Hilary Finucane
* Broad Institute of MIT and Harvard / MIT Department of Mathematics
* GNU General Public License v3
*********************************************************************
Call: 
./ldsc.py \
--out /Users/zainebahmed/Documents/GWAMA_v2/asthma_meta/results/ldsc/rg/bmi_irn \
--rg /Users/zainebahmed/Documents/GWAMA_v2/asthma_meta/data/ldsc/prepared/munged/asthma.sumstats.gz,/Users/zainebahmed/Documents/GWAMA_v2/asthma_meta/data/ldsc/prepared/munged/bmi_irn.sumstats.gz \
--ref-ld-chr /Users/zainebahmed/Documents/GWAMA_v2/asthma_meta/data/ldsc/reference/1000G_Phase3_ldscores/LDscore. \
--w-ld-chr /Users/zainebahmed/Documents/GWAMA_v2/asthma_meta/data/ldsc/reference/1000G_Phase3_weights_hm3_no_MHC/weights.hm3_noMHC. 

Beginning analysis at Mon Aug 24 06:10:39 2026
Reading summary statistics from /Users/zainebahmed/Documents/GWAMA_v2/asthma_meta/data/ldsc/prepared/munged/asthma.sumstats.gz ...
Read summary statistics for 1165303 SNPs.
Reading reference panel LD Score from /Users/zainebahmed/Documents/GWAMA_v2/asthma_meta/data/ldsc/reference/1000G_Phase3_ldscores/LDscore.[1-22] ... (ldscore_fromlist)
Read reference panel LD Scores for 1190321 SNPs.
Removing partitioned LD Scores with zero variance.
Reading regression weight LD Score from /Users/zainebahmed/Documents/GWAMA_v2/asthma_meta/data/ldsc/reference/1000G_Phase3_weights_hm3_no_MHC/weights.hm3_noMHC.[1-22] ... (ldscore_fromlist)
Read regression weight LD Scores for 1187349 SNPs.
After merging with reference panel LD, 1165303 SNPs remain.
After merging with regression SNP LD, 1165303 SNPs remain.
Computing rg for phenotype 2/2
Reading summary statistics from /Users/zainebahmed/Documents/GWAMA_v2/asthma_meta/data/ldsc/prepared/munged/bmi_irn.sumstats.gz ...
Read summary statistics for 1150369 SNPs.
After merging with summary statistics, 1140840 SNPs remain.
1140840 SNPs with valid alleles.

Heritability of phenotype 1
---------------------------
Total Observed scale h2: 0.0444 (0.0049)
Lambda GC: 1.2798
Mean Chi^2: 1.4543
Intercept: 1.0988 (0.0156)
Ratio: 0.2175 (0.0344)

Heritability of phenotype 2/2
-----------------------------
Total Observed scale h2: 0.1925 (0.0103)
Lambda GC: 2.5404
Mean Chi^2: 3.0977
Intercept: 1.6153 (0.0342)
Ratio: 0.2933 (0.0163)

Genetic Covariance
------------------
Total Observed scale gencov: 0.0179 (0.0022)
Mean z1*z2: 0.1474
Intercept: 0.0018 (0.0077)

Genetic Correlation
-------------------
Genetic Correlation: 0.193 (0.0252)
Z-score: 7.6641
P: 1.8007e-14


Summary of Genetic Correlation Results
                                                                                            p1                                                                                              p2     rg     se      z      p  h2_obs  h2_obs_se  h2_int  h2_int_se  gcov_int  gcov_int_se
/Users/zainebahmed/Documents/GWAMA_v2/asthma_meta/data/ldsc/prepared/munged/asthma.sumstats.gz /Users/zainebahmed/Documents/GWAMA_v2/asthma_meta/data/ldsc/prepared/munged/bmi_irn.sumstats.gz 0.1930 0.0252 7.6641 0.0000  0.1925     0.0103  1.6153     0.0342    0.0018       0.0077

Analysis finished at Mon Aug 24 06:10:44 2026
Total time elapsed: 4.57s
