PLINK v2.0.0-a.7.1 M1 (4 May 2026)
Options in effect:
  --bfile data/reference_panel/eur/1000G_EUR_biallelic
  --clump results/gwama/asthma_fixed_for_plink_clumping.txt
  --clump-id-field SNP
  --clump-kb 99999
  --clump-p-field pvalue
  --clump-p1 5e-9
  --clump-p2 5e-9
  --clump-r2 0.1
  --extract results/gwama/asthma_fixed_for_plink_clumping_extract_snps.txt
  --out results/ld_clumping/asthma_fixed_plink_clumped

Hostname: Zainebs-MacBook-Air.local
Working directory: /Users/zainebahmed/Downloads/GWAMA_v2/asthma_meta
Start time: Fri Jul  3 16:41:05 2026

Random number seed: 1783093265
16384 MiB RAM detected; reserving 8192 MiB for main workspace.
Using up to 10 threads (change this with --threads).
503 samples (263 females, 240 males; 503 founders) loaded from
data/reference_panel/eur/1000G_EUR_biallelic.fam.
81106363 variants loaded from data/reference_panel/eur/1000G_EUR_biallelic.bim.
Note: No phenotype data present.
--extract: 37669 variants remaining.
37669 variants remaining after main filters.
--clump: 5254 clumps formed from 37669 index candidates.
Results written to results/ld_clumping/asthma_fixed_plink_clumped.clumps .

End time: Fri Jul  3 16:41:09 2026
