*********************************************************************
* LD Score Regression (LDSC)
* Version 3.0.1
* (C) 2014-2019 Brendan Bulik-Sullivan and Hilary Finucane
* Broad Institute of MIT and Harvard / MIT Department of Mathematics
* GNU General Public License v3
*********************************************************************
Call: 
./ldsc.py \
--out /Users/zainebahmed/Documents/GWAMA_v2/asthma_meta/results/ldsc/qc/pairwise_h2_audit/ldl_asthma_overlap \
--h2 /Users/zainebahmed/Documents/GWAMA_v2/asthma_meta/data/ldsc/prepared/tmp/ldl_asthma_overlap.sumstats.gz \
--ref-ld-chr /Users/zainebahmed/Documents/GWAMA_v2/asthma_meta/data/ldsc/reference/1000G_Phase3_ldscores/LDscore. \
--w-ld-chr /Users/zainebahmed/Documents/GWAMA_v2/asthma_meta/data/ldsc/reference/1000G_Phase3_weights_hm3_no_MHC/weights.hm3_noMHC. 

Beginning analysis at Mon Aug 24 06:21:32 2026
Reading summary statistics from /Users/zainebahmed/Documents/GWAMA_v2/asthma_meta/data/ldsc/prepared/tmp/ldl_asthma_overlap.sumstats.gz ...
Read summary statistics for 1140582 SNPs.
Reading reference panel LD Score from /Users/zainebahmed/Documents/GWAMA_v2/asthma_meta/data/ldsc/reference/1000G_Phase3_ldscores/LDscore.[1-22] ... (ldscore_fromlist)
Read reference panel LD Scores for 1190321 SNPs.
Removing partitioned LD Scores with zero variance.
Reading regression weight LD Score from /Users/zainebahmed/Documents/GWAMA_v2/asthma_meta/data/ldsc/reference/1000G_Phase3_weights_hm3_no_MHC/weights.hm3_noMHC.[1-22] ... (ldscore_fromlist)
Read regression weight LD Scores for 1187349 SNPs.
After merging with reference panel LD, 1140582 SNPs remain.
After merging with regression SNP LD, 1140582 SNPs remain.
Using two-step estimator with cutoff at 30.
Total Observed scale h2: 0.0642 (0.0124)
Lambda GC: 1.3859
Mean Chi^2: 1.7337
Intercept: 1.2431 (0.0266)
Ratio: 0.3314 (0.0362)
Analysis finished at Mon Aug 24 06:21:35 2026
Total time elapsed: 2.94s
