*********************************************************************
* LD Score Regression (LDSC)
* Version 3.0.1
* (C) 2014-2019 Brendan Bulik-Sullivan and Hilary Finucane
* Broad Institute of MIT and Harvard / MIT Department of Mathematics
* GNU General Public License v3
*********************************************************************
Call: 
./ldsc.py \
--out /Users/zainebahmed/Documents/GWAMA_v2/asthma_meta/results/ldsc/h2/bmi_irn \
--h2 /Users/zainebahmed/Documents/GWAMA_v2/asthma_meta/data/ldsc/prepared/munged/bmi_irn.sumstats.gz \
--ref-ld-chr /Users/zainebahmed/Documents/GWAMA_v2/asthma_meta/data/ldsc/reference/1000G_Phase3_ldscores/LDscore. \
--w-ld-chr /Users/zainebahmed/Documents/GWAMA_v2/asthma_meta/data/ldsc/reference/1000G_Phase3_weights_hm3_no_MHC/weights.hm3_noMHC. 

Beginning analysis at Mon Aug 24 06:04:21 2026
Reading summary statistics from /Users/zainebahmed/Documents/GWAMA_v2/asthma_meta/data/ldsc/prepared/munged/bmi_irn.sumstats.gz ...
RuntimeWarning: compression has no effect when passing a non-binary object as input for file /Users/zainebahmed/Documents/GWAMA_v2/asthma_meta/data/ldsc/prepared/munged/bmi_irn.sumstats.gz
Read summary statistics for 1150369 SNPs.
Reading reference panel LD Score from /Users/zainebahmed/Documents/GWAMA_v2/asthma_meta/data/ldsc/reference/1000G_Phase3_ldscores/LDscore.[1-22] ... (ldscore_fromlist)
Read reference panel LD Scores for 1190321 SNPs.
Removing partitioned LD Scores with zero variance.
Reading regression weight LD Score from /Users/zainebahmed/Documents/GWAMA_v2/asthma_meta/data/ldsc/reference/1000G_Phase3_weights_hm3_no_MHC/weights.hm3_noMHC.[1-22] ... (ldscore_fromlist)
Read regression weight LD Scores for 1187349 SNPs.
After merging with reference panel LD, 1150369 SNPs remain.
After merging with regression SNP LD, 1150369 SNPs remain.
Using two-step estimator with cutoff at 30.
Total Observed scale h2: 0.1828 (0.0095)
Lambda GC: 2.5357
Mean Chi^2: 3.0911
Intercept: 1.6628 (0.0291)
Ratio: 0.317 (0.0139)
Analysis finished at Mon Aug 24 06:04:24 2026
Total time elapsed: 3.06s
