PLINK v2.0.0-a.7.1 M1 (4 May 2026)
Options in effect:
  --bfile reference_panel/eur/1000G_EUR_asthma_snps
  --clump results/gwama/asthma_fixed_for_plink_clumping_p5e-9.txt
  --clump-id-field SNP
  --clump-kb 99999
  --clump-p-field pvalue
  --clump-p1 5e-9
  --clump-p2 5e-9
  --clump-r2 0.1
  --out results/ld_clumping/asthma_fixed_plink_clumped

Hostname: Mac.communityfibre.co.uk
Working directory: /Users/zainebahmed/Downloads/GWAMA_v2/asthma_meta
Start time: Fri Jun 26 09:22:35 2026

Random number seed: 1782462155
16384 MiB RAM detected; reserving 8192 MiB for main workspace.
Using up to 10 threads (change this with --threads).
503 samples (263 females, 240 males; 503 founders) loaded from
reference_panel/eur/1000G_EUR_asthma_snps.fam.
20068706 variants loaded from reference_panel/eur/1000G_EUR_asthma_snps.bim.
Note: No phenotype data present.
Warning: 4597 top variant IDs in --clump file missing from main dataset.  IDs
written to results/ld_clumping/asthma_fixed_plink_clumped.clumps.missing_id .
--clump: 3084 clumps formed from 35336 index candidates.
Results written to results/ld_clumping/asthma_fixed_plink_clumped.clumps .

End time: Fri Jun 26 09:22:36 2026
